[     115ms] [INFO] %cDownload the React DevTools for a better development experience: https://react.dev/link/react-devtools font-weight:bold @ http://localhost:3000/_next/static/chunks/node_modules_next_dist_115brz8._.js:2431
[     130ms] [LOG] [HMR] connected @ http://localhost:3000/_next/static/chunks/node_modules_next_dist_115brz8._.js:2431
[  358749ms] [LOG] [Fast Refresh] rebuilding @ http://localhost:3000/_next/static/chunks/node_modules_next_dist_115brz8._.js:2431
[  359442ms] [LOG] [Fast Refresh] done in 687ms @ http://localhost:3000/_next/static/chunks/node_modules_next_dist_115brz8._.js:2431
[  359555ms] [LOG] [Fast Refresh] rebuilding @ http://localhost:3000/_next/static/chunks/node_modules_next_dist_115brz8._.js:2431
[  359588ms] [LOG] [Fast Refresh] done in 140ms @ http://localhost:3000/_next/static/chunks/node_modules_next_dist_115brz8._.js:2431
[  359736ms] [LOG] [Fast Refresh] rebuilding @ http://localhost:3000/_next/static/chunks/node_modules_next_dist_115brz8._.js:2431
[  359770ms] [LOG] [Fast Refresh] done in 136ms @ http://localhost:3000/_next/static/chunks/node_modules_next_dist_115brz8._.js:2431
[  446439ms] [LOG] [Fast Refresh] rebuilding @ http://localhost:3000/_next/static/chunks/node_modules_next_dist_115brz8._.js:2431
[  446456ms] [LOG] [Fast Refresh] done in 125ms @ http://localhost:3000/_next/static/chunks/node_modules_next_dist_115brz8._.js:2431
[  446561ms] [LOG] [Fast Refresh] rebuilding @ http://localhost:3000/_next/static/chunks/node_modules_next_dist_115brz8._.js:2431
[  446603ms] [LOG] [Fast Refresh] done in 145ms @ http://localhost:3000/_next/static/chunks/node_modules_next_dist_115brz8._.js:2431
[  452961ms] [LOG] [Fast Refresh] rebuilding @ http://localhost:3000/_next/static/chunks/node_modules_next_dist_115brz8._.js:2431
[  453052ms] [LOG] [Fast Refresh] done in 78ms @ http://localhost:3000/_next/static/chunks/node_modules_next_dist_115brz8._.js:2431
[  476212ms] [LOG] [Fast Refresh] rebuilding @ http://localhost:3000/_next/static/chunks/node_modules_next_dist_115brz8._.js:2431
[  476397ms] [LOG] [Fast Refresh] done in 223ms @ http://localhost:3000/_next/static/chunks/node_modules_next_dist_115brz8._.js:2431
[  517895ms] [LOG] [Fast Refresh] rebuilding @ http://localhost:3000/_next/static/chunks/node_modules_next_dist_115brz8._.js:2431
[  517993ms] [LOG] [Fast Refresh] done in 105ms @ http://localhost:3000/_next/static/chunks/node_modules_next_dist_115brz8._.js:2431
[  522142ms] [LOG] [Fast Refresh] rebuilding @ http://localhost:3000/_next/static/chunks/node_modules_next_dist_115brz8._.js:2431
[  522410ms] [ERROR] ./app/dataset/[id]/page.tsx:929:7
Expression expected
  927 |           )}
  928 |         </div>
> 929 |       </div>
      |       ^
  930 |
  931 |       {/* History modal */}
  932 |       {showHistoryModal && (

Parsing ecmascript source code failed

Import traces:
  Client Component Browser:
    ./app/dataset/[id]/page.tsx [Client Component Browser]
    ./app/dataset/[id]/page.tsx [Server Component]

  Client Component SSR:
    ./app/dataset/[id]/page.tsx [Client Component SSR]
    ./app/dataset/[id]/page.tsx [Server Component] @ http://localhost:3000/_next/static/chunks/node_modules_next_dist_115brz8._.js:3272
[  522411ms] [ERROR] ./app/dataset/[id]/page.tsx:845:12
Unexpected token. Did you mean `{'}'}` or `&rbrace;`?
  843 |               buildPatternImputationOperation={buildPatternImputationOperation}
  844 |             />
> 845 |           )}
      |            ^
  846 |
  847 |           {activeTab === "explore" && (
  848 |             <ExploreTab

Parsing ecmascript source code failed

Import traces:
  Client Component Browser:
    ./app/dataset/[id]/page.tsx [Client Component Browser]
    ./app/dataset/[id]/page.tsx [Server Component]

  Client Component SSR:
    ./app/dataset/[id]/page.tsx [Client Component SSR]
    ./app/dataset/[id]/page.tsx [Server Component] @ http://localhost:3000/_next/static/chunks/node_modules_next_dist_115brz8._.js:3272
[  522411ms] [ERROR] ./app/dataset/[id]/page.tsx:929:8
Unterminated regexp literal
  927 |           )}
  928 |         </div>
> 929 |       </div>
      |        ^^^^^
  930 |
  931 |       {/* History modal */}
  932 |       {showHistoryModal && (

Parsing ecmascript source code failed

Import traces:
  Client Component Browser:
    ./app/dataset/[id]/page.tsx [Client Component Browser]
    ./app/dataset/[id]/page.tsx [Server Component]

  Client Component SSR:
    ./app/dataset/[id]/page.tsx [Client Component SSR]
    ./app/dataset/[id]/page.tsx [Server Component] @ http://localhost:3000/_next/static/chunks/node_modules_next_dist_115brz8._.js:3272
[  522512ms] [LOG] [Fast Refresh] rebuilding @ http://localhost:3000/_next/static/chunks/node_modules_next_dist_115brz8._.js:2431
[  523490ms] [ERROR] ./app/dataset/[id]/page.tsx:929:7
Expression expected
  927 |           )}
  928 |         </div>
> 929 |       </div>
      |       ^
  930 |
  931 |       {/* History modal */}
  932 |       {showHistoryModal && (

Parsing ecmascript source code failed

Import traces:
  Client Component Browser:
    ./app/dataset/[id]/page.tsx [Client Component Browser]
    ./app/dataset/[id]/page.tsx [Server Component]

  Client Component SSR:
    ./app/dataset/[id]/page.tsx [Client Component SSR]
    ./app/dataset/[id]/page.tsx [Server Component] @ http://localhost:3000/_next/static/chunks/node_modules_next_dist_115brz8._.js:3272
[  523491ms] [ERROR] ./app/dataset/[id]/page.tsx:845:12
Unexpected token. Did you mean `{'}'}` or `&rbrace;`?
  843 |               buildPatternImputationOperation={buildPatternImputationOperation}
  844 |             />
> 845 |           )}
      |            ^
  846 |
  847 |           {activeTab === "explore" && (
  848 |             <ExploreTab

Parsing ecmascript source code failed

Import traces:
  Client Component Browser:
    ./app/dataset/[id]/page.tsx [Client Component Browser]
    ./app/dataset/[id]/page.tsx [Server Component]

  Client Component SSR:
    ./app/dataset/[id]/page.tsx [Client Component SSR]
    ./app/dataset/[id]/page.tsx [Server Component] @ http://localhost:3000/_next/static/chunks/node_modules_next_dist_115brz8._.js:3272
[  523491ms] [ERROR] ./app/dataset/[id]/page.tsx:929:8
Unterminated regexp literal
  927 |           )}
  928 |         </div>
> 929 |       </div>
      |        ^^^^^
  930 |
  931 |       {/* History modal */}
  932 |       {showHistoryModal && (

Parsing ecmascript source code failed

Import traces:
  Client Component Browser:
    ./app/dataset/[id]/page.tsx [Client Component Browser]
    ./app/dataset/[id]/page.tsx [Server Component]

  Client Component SSR:
    ./app/dataset/[id]/page.tsx [Client Component SSR]
    ./app/dataset/[id]/page.tsx [Server Component] @ http://localhost:3000/_next/static/chunks/node_modules_next_dist_115brz8._.js:3272
[  523593ms] [LOG] [Fast Refresh] rebuilding @ http://localhost:3000/_next/static/chunks/node_modules_next_dist_115brz8._.js:2431
[  524598ms] [ERROR] ./app/dataset/[id]/page.tsx:929:7
Expression expected
  927 |           )}
  928 |         </div>
> 929 |       </div>
      |       ^
  930 |
  931 |       {/* History modal */}
  932 |       {showHistoryModal && (

Parsing ecmascript source code failed

Import traces:
  Client Component Browser:
    ./app/dataset/[id]/page.tsx [Client Component Browser]
    ./app/dataset/[id]/page.tsx [Server Component]

  Client Component SSR:
    ./app/dataset/[id]/page.tsx [Client Component SSR]
    ./app/dataset/[id]/page.tsx [Server Component] @ http://localhost:3000/_next/static/chunks/node_modules_next_dist_115brz8._.js:3272
[  524599ms] [ERROR] ./app/dataset/[id]/page.tsx:845:12
Unexpected token. Did you mean `{'}'}` or `&rbrace;`?
  843 |               buildPatternImputationOperation={buildPatternImputationOperation}
  844 |             />
> 845 |           )}
      |            ^
  846 |
  847 |           {activeTab === "explore" && (
  848 |             <ExploreTab

Parsing ecmascript source code failed

Import traces:
  Client Component Browser:
    ./app/dataset/[id]/page.tsx [Client Component Browser]
    ./app/dataset/[id]/page.tsx [Server Component]

  Client Component SSR:
    ./app/dataset/[id]/page.tsx [Client Component SSR]
    ./app/dataset/[id]/page.tsx [Server Component] @ http://localhost:3000/_next/static/chunks/node_modules_next_dist_115brz8._.js:3272
[  524600ms] [ERROR] ./app/dataset/[id]/page.tsx:929:8
Unterminated regexp literal
  927 |           )}
  928 |         </div>
> 929 |       </div>
      |        ^^^^^
  930 |
  931 |       {/* History modal */}
  932 |       {showHistoryModal && (

Parsing ecmascript source code failed

Import traces:
  Client Component Browser:
    ./app/dataset/[id]/page.tsx [Client Component Browser]
    ./app/dataset/[id]/page.tsx [Server Component]

  Client Component SSR:
    ./app/dataset/[id]/page.tsx [Client Component SSR]
    ./app/dataset/[id]/page.tsx [Server Component] @ http://localhost:3000/_next/static/chunks/node_modules_next_dist_115brz8._.js:3272
[  524600ms] [ERROR] Failed to load resource: the server responded with a status of 500 (Internal Server Error) @ http://localhost:3000/?_rsc=wnywt:0
[  524645ms] [ERROR] Failed to load resource: the server responded with a status of 500 (Internal Server Error) @ http://localhost:3000/?_rsc=wnywt:0
[  524671ms] [ERROR] Failed to load resource: the server responded with a status of 500 (Internal Server Error) @ http://localhost:3000/:0
[  524828ms] [INFO] %cDownload the React DevTools for a better development experience: https://react.dev/link/react-devtools font-weight:bold @ http://localhost:3000/_next/static/chunks/node_modules_react-dom_0bruynb._.js:15305
[  524948ms] Error: ./app/dataset/[id]/page.tsx:929:7
Expression expected
  927 |           )}
  928 |         </div>
> 929 |       </div>
      |       ^
  930 |
  931 |       {/* History modal */}
  932 |       {showHistoryModal && (

Parsing ecmascript source code failed

Import traces:
  Client Component Browser:
    ./app/dataset/[id]/page.tsx [Client Component Browser]
    ./app/dataset/[id]/page.tsx [Server Component]

  Client Component SSR:
    ./app/dataset/[id]/page.tsx [Client Component SSR]
    ./app/dataset/[id]/page.tsx [Server Component]


    at <unknown> (Error: ./app/dataset/[id]/page.tsx:929:7)
    at Object.getCompilationErrors (file://C:\Users\geanr\Documents\Smartalyze-Web\frontend\node_modules\next\dist\server\dev\hot-reloader-turbopack.js:1186:59)
    at DevBundlerService.getCompilationError (file://C:\Users\geanr\Documents\Smartalyze-Web\frontend\node_modules\next\dist\server\lib\dev-bundler-service.js:44:55)
    at DevServer.getCompilationError (file://C:\Users\geanr\Documents\Smartalyze-Web\frontend\node_modules\next\dist\server\dev\next-dev-server.js:719:42)
    at DevServer.findPageComponents (file://C:\Users\geanr\Documents\Smartalyze-Web\frontend\node_modules\next\dist\server\dev\next-dev-server.js:689:43)
    at async DevServer.renderErrorToResponseImpl (file://C:\Users\geanr\Documents\Smartalyze-Web\frontend\node_modules\next\dist\server\base-server.js:1745:26)
[  524949ms] [LOG] [HMR] connected @ http://localhost:3000/_next/static/chunks/node_modules_next_dist_0u_w_5s._.js:1226
[  524954ms] [ERROR] ./app/dataset/[id]/page.tsx:929:7
Expression expected
  927 |           )}
  928 |         </div>
> 929 |       </div>
      |       ^
  930 |
  931 |       {/* History modal */}
  932 |       {showHistoryModal && (

Parsing ecmascript source code failed

Import traces:
  Client Component Browser:
    ./app/dataset/[id]/page.tsx [Client Component Browser]
    ./app/dataset/[id]/page.tsx [Server Component]

  Client Component SSR:
    ./app/dataset/[id]/page.tsx [Client Component SSR]
    ./app/dataset/[id]/page.tsx [Server Component] @ http://localhost:3000/_next/static/chunks/node_modules_next_dist_0u_w_5s._.js:1945
[  524954ms] [ERROR] ./app/dataset/[id]/page.tsx:845:12
Unexpected token. Did you mean `{'}'}` or `&rbrace;`?
  843 |               buildPatternImputationOperation={buildPatternImputationOperation}
  844 |             />
> 845 |           )}
      |            ^
  846 |
  847 |           {activeTab === "explore" && (
  848 |             <ExploreTab

Parsing ecmascript source code failed

Import traces:
  Client Component Browser:
    ./app/dataset/[id]/page.tsx [Client Component Browser]
    ./app/dataset/[id]/page.tsx [Server Component]

  Client Component SSR:
    ./app/dataset/[id]/page.tsx [Client Component SSR]
    ./app/dataset/[id]/page.tsx [Server Component] @ http://localhost:3000/_next/static/chunks/node_modules_next_dist_0u_w_5s._.js:1945
[  524955ms] [ERROR] ./app/dataset/[id]/page.tsx:929:8
Unterminated regexp literal
  927 |           )}
  928 |         </div>
> 929 |       </div>
      |        ^^^^^
  930 |
  931 |       {/* History modal */}
  932 |       {showHistoryModal && (

Parsing ecmascript source code failed

Import traces:
  Client Component Browser:
    ./app/dataset/[id]/page.tsx [Client Component Browser]
    ./app/dataset/[id]/page.tsx [Server Component]

  Client Component SSR:
    ./app/dataset/[id]/page.tsx [Client Component SSR]
    ./app/dataset/[id]/page.tsx [Server Component] @ http://localhost:3000/_next/static/chunks/node_modules_next_dist_0u_w_5s._.js:1945
[  525059ms] [ERROR] ./app/dataset/[id]/page.tsx:929:7
Expression expected
  927 |           )}
  928 |         </div>
> 929 |       </div>
      |       ^
  930 |
  931 |       {/* History modal */}
  932 |       {showHistoryModal && (

Parsing ecmascript source code failed

Import traces:
  Client Component Browser:
    ./app/dataset/[id]/page.tsx [Client Component Browser]
    ./app/dataset/[id]/page.tsx [Server Component]

  Client Component SSR:
    ./app/dataset/[id]/page.tsx [Client Component SSR]
    ./app/dataset/[id]/page.tsx [Server Component] @ http://localhost:3000/_next/static/chunks/node_modules_next_dist_0u_w_5s._.js:1945
[  525060ms] [ERROR] ./app/dataset/[id]/page.tsx:845:12
Unexpected token. Did you mean `{'}'}` or `&rbrace;`?
  843 |               buildPatternImputationOperation={buildPatternImputationOperation}
  844 |             />
> 845 |           )}
      |            ^
  846 |
  847 |           {activeTab === "explore" && (
  848 |             <ExploreTab

Parsing ecmascript source code failed

Import traces:
  Client Component Browser:
    ./app/dataset/[id]/page.tsx [Client Component Browser]
    ./app/dataset/[id]/page.tsx [Server Component]

  Client Component SSR:
    ./app/dataset/[id]/page.tsx [Client Component SSR]
    ./app/dataset/[id]/page.tsx [Server Component] @ http://localhost:3000/_next/static/chunks/node_modules_next_dist_0u_w_5s._.js:1945
[  525060ms] [ERROR] ./app/dataset/[id]/page.tsx:929:8
Unterminated regexp literal
  927 |           )}
  928 |         </div>
> 929 |       </div>
      |        ^^^^^
  930 |
  931 |       {/* History modal */}
  932 |       {showHistoryModal && (

Parsing ecmascript source code failed

Import traces:
  Client Component Browser:
    ./app/dataset/[id]/page.tsx [Client Component Browser]
    ./app/dataset/[id]/page.tsx [Server Component]

  Client Component SSR:
    ./app/dataset/[id]/page.tsx [Client Component SSR]
    ./app/dataset/[id]/page.tsx [Server Component] @ http://localhost:3000/_next/static/chunks/node_modules_next_dist_0u_w_5s._.js:1945
[  525073ms] [LOG] [Fast Refresh] rebuilding @ http://localhost:3000/_next/static/chunks/node_modules_next_dist_0u_w_5s._.js:1226
[  526870ms] [ERROR] ./app/dataset/[id]/page.tsx:931:7
Expression expected
  929 |           )}
  930 |         </div>
> 931 |       </div>
      |       ^
  932 |
  933 |       {/* History modal */}
  934 |       {showHistoryModal && (

Parsing ecmascript source code failed

Import traces:
  Client Component Browser:
    ./app/dataset/[id]/page.tsx [Client Component Browser]
    ./app/dataset/[id]/page.tsx [Server Component]

  Client Component SSR:
    ./app/dataset/[id]/page.tsx [Client Component SSR]
    ./app/dataset/[id]/page.tsx [Server Component] @ http://localhost:3000/_next/static/chunks/node_modules_next_dist_0u_w_5s._.js:1945
[  526870ms] [ERROR] ./app/dataset/[id]/page.tsx:885:12
Unexpected token. Did you mean `{'}'}` or `&rbrace;`?
  883 |               handleSaveGroupAsDataset={handleSaveGroupAsDataset}
  884 |             />
> 885 |           )}
      |            ^
  886 |
  887 |           {activeTab === "detect" && (
  888 |             <DetectTab

Parsing ecmascript source code failed

Import traces:
  Client Component Browser:
    ./app/dataset/[id]/page.tsx [Client Component Browser]
    ./app/dataset/[id]/page.tsx [Server Component]

  Client Component SSR:
    ./app/dataset/[id]/page.tsx [Client Component SSR]
    ./app/dataset/[id]/page.tsx [Server Component] @ http://localhost:3000/_next/static/chunks/node_modules_next_dist_0u_w_5s._.js:1945
[  526870ms] [ERROR] ./app/dataset/[id]/page.tsx:931:8
Unterminated regexp literal
  929 |           )}
  930 |         </div>
> 931 |       </div>
      |        ^^^^^
  932 |
  933 |       {/* History modal */}
  934 |       {showHistoryModal && (

Parsing ecmascript source code failed

Import traces:
  Client Component Browser:
    ./app/dataset/[id]/page.tsx [Client Component Browser]
    ./app/dataset/[id]/page.tsx [Server Component]

  Client Component SSR:
    ./app/dataset/[id]/page.tsx [Client Component SSR]
    ./app/dataset/[id]/page.tsx [Server Component] @ http://localhost:3000/_next/static/chunks/node_modules_next_dist_0u_w_5s._.js:1945
[  526878ms] [LOG] [Fast Refresh] rebuilding @ http://localhost:3000/_next/static/chunks/node_modules_next_dist_0u_w_5s._.js:1226
[  531140ms] [LOG] [Fast Refresh] rebuilding @ http://localhost:3000/_next/static/chunks/node_modules_next_dist_0u_w_5s._.js:1226
[  531158ms] [ERROR] ./app/dataset/[id]/page.tsx:933:7
Expression expected
  931 |           )}
  932 |         </div>
> 933 |       </div>
      |       ^
  934 |
  935 |       {/* History modal */}
  936 |       {showHistoryModal && (

Parsing ecmascript source code failed

Import traces:
  Client Component Browser:
    ./app/dataset/[id]/page.tsx [Client Component Browser]
    ./app/dataset/[id]/page.tsx [Server Component]

  Client Component SSR:
    ./app/dataset/[id]/page.tsx [Client Component SSR]
    ./app/dataset/[id]/page.tsx [Server Component] @ http://localhost:3000/_next/static/chunks/node_modules_next_dist_0u_w_5s._.js:1945
[  531158ms] [ERROR] ./app/dataset/[id]/page.tsx:899:12
Unexpected token. Did you mean `{'}'}` or `&rbrace;`?
  897 |               onSwitchTab={(tab) => setActiveTab(tab)}
  898 |             />
> 899 |           )}
      |            ^
  900 |
  901 |           {activeTab === "predict" && (
  902 |             <PredictTab

Parsing ecmascript source code failed

Import traces:
  Client Component Browser:
    ./app/dataset/[id]/page.tsx [Client Component Browser]
    ./app/dataset/[id]/page.tsx [Server Component]

  Client Component SSR:
    ./app/dataset/[id]/page.tsx [Client Component SSR]
    ./app/dataset/[id]/page.tsx [Server Component] @ http://localhost:3000/_next/static/chunks/node_modules_next_dist_0u_w_5s._.js:1945
[  531158ms] [ERROR] ./app/dataset/[id]/page.tsx:933:8
Unterminated regexp literal
  931 |           )}
  932 |         </div>
> 933 |       </div>
      |        ^^^^^
  934 |
  935 |       {/* History modal */}
  936 |       {showHistoryModal && (

Parsing ecmascript source code failed

Import traces:
  Client Component Browser:
    ./app/dataset/[id]/page.tsx [Client Component Browser]
    ./app/dataset/[id]/page.tsx [Server Component]

  Client Component SSR:
    ./app/dataset/[id]/page.tsx [Client Component SSR]
    ./app/dataset/[id]/page.tsx [Server Component] @ http://localhost:3000/_next/static/chunks/node_modules_next_dist_0u_w_5s._.js:1945
[  535906ms] [ERROR] ./app/dataset/[id]/page.tsx:935:7
Expression expected
  933 |           )}
  934 |         </div>
> 935 |       </div>
      |       ^
  936 |
  937 |       {/* History modal */}
  938 |       {showHistoryModal && (

Parsing ecmascript source code failed

Import traces:
  Client Component Browser:
    ./app/dataset/[id]/page.tsx [Client Component Browser]
    ./app/dataset/[id]/page.tsx [Server Component]

  Client Component SSR:
    ./app/dataset/[id]/page.tsx [Client Component SSR]
    ./app/dataset/[id]/page.tsx [Server Component] @ http://localhost:3000/_next/static/chunks/node_modules_next_dist_0u_w_5s._.js:1945
[  535906ms] [ERROR] ./app/dataset/[id]/page.tsx:917:12
Unexpected token. Did you mean `{'}'}` or `&rbrace;`?
  915 |               handleRunPrediction={handleRunPrediction}
  916 |             />
> 917 |           )}
      |            ^
  918 |
  919 |           {activeTab === "edit" && workspace && token && (
  920 |             <EditTab

Parsing ecmascript source code failed

Import traces:
  Client Component Browser:
    ./app/dataset/[id]/page.tsx [Client Component Browser]
    ./app/dataset/[id]/page.tsx [Server Component]

  Client Component SSR:
    ./app/dataset/[id]/page.tsx [Client Component SSR]
    ./app/dataset/[id]/page.tsx [Server Component] @ http://localhost:3000/_next/static/chunks/node_modules_next_dist_0u_w_5s._.js:1945
[  535906ms] [ERROR] ./app/dataset/[id]/page.tsx:935:8
Unterminated regexp literal
  933 |           )}
  934 |         </div>
> 935 |       </div>
      |        ^^^^^
  936 |
  937 |       {/* History modal */}
  938 |       {showHistoryModal && (

Parsing ecmascript source code failed

Import traces:
  Client Component Browser:
    ./app/dataset/[id]/page.tsx [Client Component Browser]
    ./app/dataset/[id]/page.tsx [Server Component]

  Client Component SSR:
    ./app/dataset/[id]/page.tsx [Client Component SSR]
    ./app/dataset/[id]/page.tsx [Server Component] @ http://localhost:3000/_next/static/chunks/node_modules_next_dist_0u_w_5s._.js:1945
[  535909ms] [LOG] [Fast Refresh] rebuilding @ http://localhost:3000/_next/static/chunks/node_modules_next_dist_0u_w_5s._.js:1226
[  541831ms] [LOG] [Fast Refresh] rebuilding @ http://localhost:3000/_next/static/chunks/node_modules_next_dist_0u_w_5s._.js:1226
[  541833ms] [ERROR] ./app/dataset/[id]/page.tsx:937:7
Expression expected
  935 |           )}
  936 |         </div>
> 937 |       </div>
      |       ^
  938 |
  939 |       {/* History modal */}
  940 |       {showHistoryModal && (

Parsing ecmascript source code failed

Import traces:
  Client Component Browser:
    ./app/dataset/[id]/page.tsx [Client Component Browser]
    ./app/dataset/[id]/page.tsx [Server Component]

  Client Component SSR:
    ./app/dataset/[id]/page.tsx [Client Component SSR]
    ./app/dataset/[id]/page.tsx [Server Component] @ http://localhost:3000/_next/static/chunks/node_modules_next_dist_0u_w_5s._.js:1945
[  541833ms] [ERROR] ./app/dataset/[id]/page.tsx:935:12
Unexpected token. Did you mean `{'}'}` or `&rbrace;`?
  933 |               }}
  934 |             />
> 935 |           )}
      |            ^
  936 |         </div>
  937 |       </div>
  938 |

Parsing ecmascript source code failed

Import traces:
  Client Component Browser:
    ./app/dataset/[id]/page.tsx [Client Component Browser]
    ./app/dataset/[id]/page.tsx [Server Component]

  Client Component SSR:
    ./app/dataset/[id]/page.tsx [Client Component SSR]
    ./app/dataset/[id]/page.tsx [Server Component] @ http://localhost:3000/_next/static/chunks/node_modules_next_dist_0u_w_5s._.js:1945
[  541833ms] [ERROR] ./app/dataset/[id]/page.tsx:937:8
Unterminated regexp literal
  935 |           )}
  936 |         </div>
> 937 |       </div>
      |        ^^^^^
  938 |
  939 |       {/* History modal */}
  940 |       {showHistoryModal && (

Parsing ecmascript source code failed

Import traces:
  Client Component Browser:
    ./app/dataset/[id]/page.tsx [Client Component Browser]
    ./app/dataset/[id]/page.tsx [Server Component]

  Client Component SSR:
    ./app/dataset/[id]/page.tsx [Client Component SSR]
    ./app/dataset/[id]/page.tsx [Server Component] @ http://localhost:3000/_next/static/chunks/node_modules_next_dist_0u_w_5s._.js:1945
[  548105ms] [LOG] [Fast Refresh] rebuilding @ http://localhost:3000/_next/static/chunks/node_modules_next_dist_0u_w_5s._.js:1226
[  548592ms] [LOG] [Fast Refresh] done in 590ms @ http://localhost:3000/_next/static/chunks/node_modules_next_dist_0u_w_5s._.js:1226
[  548724ms] [LOG] [Fast Refresh] rebuilding @ http://localhost:3000/_next/static/chunks/node_modules_next_dist_0u_w_5s._.js:1226
[  548879ms] [LOG] [Fast Refresh] done in 261ms @ http://localhost:3000/_next/static/chunks/node_modules_next_dist_0u_w_5s._.js:1226
[  548952ms] [INFO] %cDownload the React DevTools for a better development experience: https://react.dev/link/react-devtools font-weight:bold @ http://localhost:3000/_next/static/chunks/node_modules_next_dist_115brz8._.js:2431
[  548977ms] [LOG] [HMR] connected @ http://localhost:3000/_next/static/chunks/node_modules_next_dist_115brz8._.js:2431
[  636905ms] [LOG] [Fast Refresh] rebuilding @ http://localhost:3000/_next/static/chunks/node_modules_next_dist_115brz8._.js:2431
[  636914ms] [LOG] [Fast Refresh] done in 81ms @ http://localhost:3000/_next/static/chunks/node_modules_next_dist_115brz8._.js:2431
[  637022ms] [LOG] [Fast Refresh] rebuilding @ http://localhost:3000/_next/static/chunks/node_modules_next_dist_115brz8._.js:2431
[  637029ms] [LOG] [Fast Refresh] done in 112ms @ http://localhost:3000/_next/static/chunks/node_modules_next_dist_115brz8._.js:2431
[  644095ms] [LOG] [Fast Refresh] rebuilding @ http://localhost:3000/_next/static/chunks/node_modules_next_dist_115brz8._.js:2431
[  644197ms] [LOG] [Fast Refresh] done in 51ms @ http://localhost:3000/_next/static/chunks/node_modules_next_dist_115brz8._.js:2431
[  650364ms] [LOG] [Fast Refresh] rebuilding @ http://localhost:3000/_next/static/chunks/node_modules_next_dist_115brz8._.js:2431
[  650369ms] [LOG] [Fast Refresh] done in 80ms @ http://localhost:3000/_next/static/chunks/node_modules_next_dist_115brz8._.js:2431
[  661604ms] [LOG] [Fast Refresh] rebuilding @ http://localhost:3000/_next/static/chunks/node_modules_next_dist_115brz8._.js:2431
[  661708ms] [LOG] [Fast Refresh] done in 71ms @ http://localhost:3000/_next/static/chunks/node_modules_next_dist_115brz8._.js:2431
[  781684ms] [LOG] [Fast Refresh] rebuilding @ http://localhost:3000/_next/static/chunks/node_modules_next_dist_115brz8._.js:2431
[  781788ms] [LOG] [Fast Refresh] done in 73ms @ http://localhost:3000/_next/static/chunks/node_modules_next_dist_115brz8._.js:2431
